[zeitgypsum.com/index.html]
[backblue.gif]
[fade.gif]
[index.html]
[zeitgypsum.com/wp-content/uploads/2022/07/Web-Clip.png]
[zeitgypsum.com/wp-admin/admin-ajax.php]
[cdn.jsdelivr.net/npm/bootstrap@5.0.2/dist/css/bootstrap.min3781.css]
[zeitgypsum.com/en/index.html]
[unpkg.com/swiper@8/swiper-bundle.min.43781.delayed]
[unpkg.com/swiper@8/swiper-bundle.min.css]
[unpkg.com/swiper@8.4.7/swiper-bundle.min.css]
[zeitgypsum.com/wp-content/themes/zeit-theme-dev/core3781.css]
[zeitgypsum.com/wp-content/themes/zeit-theme-dev/tpl-home/tpl-home3781.css]
[use.fontawesome.com/releases/v5.15.4/css/all.css]
[use.fontawesome.com/releases/v5.15.4/css/v4-shims.css]
[zeitgypsum.com/wp-json/wp/v2/pages/7.json]
[zeitgypsum.com/wp-json/index.html]
[zeitgypsum.com/wp-json/oembed/1.0/embedbe3b.json]
[zeitgypsum.com/wp-json/oembed/1.0/embedc64b]
[zeitgypsum.com/wp-content/themes/zeit-theme-dev/images/zeit-logo.svg]
[zeitgypsum.com/wp-content/themes/zeit-theme-dev/images/mega-2.jpg]
[zeitgypsum.com/wp-content/uploads/2023/05/Cover01_10f8c.gif]
[zeitgypsum.com/wp-content/uploads/2023/05/Cover-2023.05.26_1-1.jpg]
[zeitgypsum.com/wp-content/uploads/2023/05/Cover-2023.05.26_2-1.jpg]
[zeitgypsum.com/wp-content/uploads/2023/05/Cover-2023.05.26_3-1.jpg]
[zeitgypsum.com/san-pham-va-giai-phap/index.html]
[zeitgypsum.com/wp-content/uploads/2023/05/Cover-2023.05.25-1.jpg]
[zeitgypsum.com/ve-zeit-gypsum/index.html]
[zeitgypsum.com/wp-content/themes/zeit-theme-dev/images/cl-bg.svg]
[zeitgypsum.com/wp-content/themes/zeit-theme-dev/images/morning.png]
[zeitgypsum.com/wp-content/themes/zeit-theme-dev/images/noon.png]
[zeitgypsum.com/wp-content/themes/zeit-theme-dev/images/afternoon.png]
[zeitgypsum.com/san-pham-va-giai-phap/san-pham/index.html]
[zeitgypsum.com/wp-content/themes/zeit-theme-dev/images/evening.png]
[unpkg.com/@lottiefiles/lottie-player@latest/dist/lottie-player.1a.delayed]
[zeitgypsum.com/tai-lieu/index.html]
[zeitgypsum.com/tai-lieu/cau-hoi-thuong-gap/index.html]
[unpkg.com/@lottiefiles/lottie-player@2.0.2/dist/lottie-player.js]
[zeitgypsum.com/wp-content/uploads/2022/06/Cong-nghe-han-quoc.mp4.lottie-1.json]
[zeitgypsum.com/tai-lieu/uoc-tinh-chi-phi-vat-tu/index.html]
[zeitgypsum.com/transparent]
[zeitgypsum.com/tai-lieu/chinh-sach-bao-hanh/index.html]
[zeitgypsum.com/wp-content/uploads/2022/06/kich-thuoc-toi-uu.mp4.lottie.json]
[zeitgypsum.com/wp-content/uploads/2022/07/diem-ban-vit.mp4.lottie-1-2.json]
[zeitgypsum.com/tai-lieu/thu-vien-thach-cao/index.html]
[zeitgypsum.com/wp-content/uploads/2023/06/Thumbnail_STANDARDBOARD.png]
[zeitgypsum.com/wp-content/uploads/2023/06/Thumbnail_MOIST.png]
[zeitgypsum.com/wp-content/uploads/2023/06/Thumbnail_FIREPROOF.png]
[zeitgypsum.com/tai-lieu/tai-tai-lieu/index.html]
[zeitgypsum.com/wp-content/themes/zeit-theme-dev/images/home-estimate-bg.jpg]
[zeitgypsum.com/wp-content/uploads/2023/06/Block-image-scaled.jpg]
[zeitgypsum.com/wp-content/uploads/2023/05/Feature-video.jpg]
[zeitgypsum.com/wp-content/uploads/2023/03/Dang-ky-1-doi-1_1-scaled.jpg]
[zeitgypsum.com/kenh-phan-phoi/index.html]
[zeitgypsum.com/wp-content/uploads/2022/08/z3661945822435_34bcd0bbb472db837df7ed7667baa1b8.jpg]
[zeitgypsum.com/wp-content/uploads/2023/03/Loc-dau-nam_.png]
[zeitgypsum.com/wp-content/uploads/2023/07/THONG-TIN-HO-TRO-KHACH-HANG_A.jpg]
[zeitgypsum.com/wp-content/uploads/2023/07/THONG-TIN-HO-TRO-KHACH-HANG_B.jpg]
[zeitgypsum.com/wp-content/uploads/2023/07/THONG-TIN-HO-TRO-KHACH-HANG_C-1.jpg]
[zeitgypsum.com/wp-content/uploads/2023/07/THONG-TIN-HO-TRO-KHACH-HANG_D-1.jpg]
[zeitgypsum.com/tin-tuc/index.html]
[zeitgypsum.com/wp-content/themes/zeit-theme-dev/images/home/download-img.png]
[zeitgypsum.com/wp-content/uploads/2023/07/Banner-Bottom_2023.07.07-1.png]
[zeitgypsum.com/lien-he/index.html]
[zeitgypsum.com/tai-lieu/huong-dan-thi-cong/index.html]
[zeitgypsum.com/tai-lieu/giai-dap-ky-thuat/index.html]
[zeitgypsum.com/san-pham/product-tuong-trung/index.html]
[zeitgypsum.com/san-pham/tam-thach-cao-chong-am-zeit/index.html]
[cdn.jsdelivr.net/npm/@popperjs/core@2.9.2/dist/umd/popper.min3781.js]
[zeitgypsum.com/san-pham/tam-thach-cao-chong-chay-zeit/index.html]
[cdn.jsdelivr.net/npm/bootstrap@5.0.2/dist/js/bootstrap.min3781.js]
[code.jquery.com/jquery-3.5.13781.js]
[unpkg.com/swiper@8/swiper-bundle.min.323781.delayed]
[zeitgypsum.com/tin-tuc/tiet-kiem-chi-phi-toi-da-khi-thi-cong-tam-thach-cao-zeit-gypsum/index.html]
[unpkg.com/swiper@8/swiper-bundle.min.js]
[unpkg.com/swiper@8.4.7/swiper-bundle.min.js]
[unpkg.com/current-device/umd/current-device.min.353781.delayed]
[zeitgypsum.com/tin-tuc/dang-ky-1-doi-1-gia-chu-tam-an-tho-thau-uy-tin/index.html]
[unpkg.com/current-device/umd/current-device.min.js]
[unpkg.com/current-device@0.10.2/umd/current-device.min.js]
[zeitgypsum.com/wp-content/themes/zeit-theme-dev/js/core3781.js]
[zeitgypsum.com/tin-tuc/cac-du-an-da-va-dang-thuc-hien/index.html]
[zeitgypsum.com/wp-content/themes/zeit-theme-dev/tpl-home/tpl-home3781.js]
[zeitgypsum.com/index.html]
[zeitgypsum.com/wp-admin/admin-ajax.html]
[zeitgypsum.com/tin-tuc/chuong-trinh-loc-dau-nam-cung-zeit-gypsum-2/index.html]
[zeitgypsum.com/tai-lieu/nhan-dien-thach-cao/index.html]
[zeitgypsum.com/en/wp-json/index.html]
[zeitgypsum.com/en/wp-json/wp/v2/pages/576.json]
[zeitgypsum.com/ve-zeit-gypsum/ve-chung-toi-2/index.html]
[zeitgypsum.com/en/wp-json/oembed/1.0/embedc332.json]
[zeitgypsum.com/en/wp-json/oembed/1.0/embed01a4]
[zeitgypsum.com/wp-content/uploads/2023/06/Cover01_10f8c_EN.gif]
[zeitgypsum.com/wp-content/uploads/2023/06/Cover-2023.05.26_1EN.jpg]
[zeitgypsum.com/wp-content/uploads/2023/06/Cover-2023.05.26_2EN.jpg]
[zeitgypsum.com/wp-content/uploads/2023/06/Cover-2023.05.26_3EN.jpg]
[zeitgypsum.com/wp-content/uploads/2022/06/Korean-technology.mp4.lottie.json]
[zeitgypsum.com/en/transparent]
[zeitgypsum.com/wp-content/uploads/2022/06/size-best.mp4.lottie.json]
[zeitgypsum.com/en/about-us/index.html]
[zeitgypsum.com/wp-content/uploads/2022/07/Crew-point-on-board.mp4.lottie.json]
[zeitgypsum.com/wp-content/uploads/2023/03/Dang-ky-1-doi-1_1-1-scaled.jpg]
[zeitgypsum.com/en/index.html]
[zeitgypsum.com/wp-includes/css/classic-themes.min3781.css]
[zeitgypsum.com/en/products-solutions/index.html]
[zeitgypsum.com/en/products-solutions/products/index.html]
[cdn.jsdelivr.net/npm/bootstrap@5.0.2/dist/css/bootstrap.min3781.css]
[zeitgypsum.com/en/resources/index.html]
[zeitgypsum.com/en/resources/faq/index.html]
[unpkg.com/swiper@8.4.7/swiper-bundle.min.css]
[zeitgypsum.com/en/resources/material-cost-estimation/index.html]
[zeitgypsum.com/en/resources/ceilings-library/index.html]
[zeitgypsum.com/en/resources/warranty-information/index.html]
[zeitgypsum.com/en/resources/documents-files/index.html]
[zeitgypsum.com/wp-content/themes/zeit-theme-dev/fonts/Roboto-Bold.ttf]
[zeitgypsum.com/wp-content/themes/zeit-theme-dev/fonts/Roboto-Medium.ttf]
[zeitgypsum.com/en/kenh-phan-phoi/index.html]
[zeitgypsum.com/wp-content/themes/zeit-theme-dev/fonts/Roboto-Regular.ttf]
[zeitgypsum.com/en/news/index.html]
[zeitgypsum.com/wp-content/themes/zeit-theme-dev/fonts/Roboto-Light.ttf]
[zeitgypsum.com/wp-content/themes/zeit-theme-dev/fonts/icomoon0914.ttf]
[zeitgypsum.com/wp-content/themes/zeit-theme-dev/fonts/icomoon0914.woff]
[zeitgypsum.com/wp-content/themes/zeit-theme-dev/images/zeit-bg.svg]
[zeitgypsum.com/en/contact-us/index.html]
[zeitgypsum.com/wp-content/themes/zeit-theme-dev/images/icon-current.png]
[zeitgypsum.com/wp-content/themes/zeit-theme-dev/images/zeit-bg-2.svg]
[zeitgypsum.com/wp-content/themes/zeit-theme-dev/core3781.css]
[zeitgypsum.com/en/resources/techincal-information/index.html]
[zeitgypsum.com/wp-content/themes/zeit-theme-dev/images/bullet-active.png]
[zeitgypsum.com/wp-content/themes/zeit-theme-dev/tpl-home/tpl-home3781.css]
[zeitgypsum.com/wp-content/themes/zeit-theme-dev/images/glow.svg]
[use.fontawesome.com/releases/v5.15.4/css/all.css]
[use.fontawesome.com/releases/v5.15.4/css/v4-shims.css]
[zeitgypsum.com/en/resources/installation-guide/index.html]
[zeitgypsum.com/wp-content/themes/zeit-theme-dev/images/zeit-logo.svg]
[zeitgypsum.com/en/product/zeit-standard/index.html]
[zeitgypsum.com/en/product/zeit-moist-proof/index.html]
[zeitgypsum.com/en/product/zeit-fire-proof/index.html]
[zeitgypsum.com/en/news/tiet-kiem-chi-phi-toi-da-khi-thi-cong-tam-thach-cao-zeit-gypsum/index.html]
[zeitgypsum.com/en/news/program-of-1-to-1-exchange-for-installers-25-03-30-06/index.html]
[zeitgypsum.com/wp-content/themes/zeit-theme-dev/tpl-about-us/tpl-about-us3781.css]
[zeitgypsum.com/en/news/ongoing-projects/index.html]
[zeitgypsum.com/en/tin-tuc/chuong-trinh-loc-dau-nam-cung-zeit-gypsum-2/index.html]
[zeitgypsum.com/wp-json/wp/v2/pages/18.json]
[zeitgypsum.com/en/resources/zeit-gypsum-identification/index.html]
[zeitgypsum.com/en/about-us/about-us-2/index.html]
[zeitgypsum.com/wp-json/oembed/1.0/embed52c3.json]
[zeitgypsum.com/wp-json/oembed/1.0/embed8be1]
[zeitgypsum.com/wp-content/uploads/2022/05/Cover-factory-08.jpg]
[zeitgypsum.com/wp-content/uploads/2022/05/banner-home-3.png]
[zeitgypsum.com/wp-content/uploads/2023/07/Cover-factory-09a.jpg]
[zeitgypsum.com/wp-content/uploads/2022/05/icon-web-03.png]
[zeitgypsum.com/wp-content/uploads/2022/05/icon-web-02.png]
[zeitgypsum.com/wp-content/uploads/2022/05/icon-web-01.png]
[zeitgypsum.com/wp-content/uploads/2022/06/Rectangle-34.jpg]
[zeitgypsum.com/wp-content/uploads/2023/07/nha-may-522x698-ne-01a-1.jpg]
[zeitgypsum.com/ve-zeit-gypsum/index.html]
[zeitgypsum.com/wp-content/themes/zeit-theme-dev/tpl-product-solution/tpl-product-solution3781.css]
[zeitgypsum.com/wp-json/wp/v2/pages/90.json]
[zeitgypsum.com/wp-json/oembed/1.0/embed9884.json]
[zeitgypsum.com/wp-json/oembed/1.0/embed981d]
[zeitgypsum.com/wp-content/uploads/2022/04/joel-filipe-aK0EmfPuktA-unsplash-1.png]
[zeitgypsum.com/wp-content/uploads/2023/07/BannerBottom_2023.07.07.jpg]
[zeitgypsum.com/wp-content/themes/zeit-theme-dev/images/frame-bg.png]
[zeitgypsum.com/san-pham-va-giai-phap/index.html]
[zeitgypsum.com/wp-content/themes/zeit-theme-dev/tpl-product/tpl-product3781.css]
[zeitgypsum.com/wp-json/wp/v2/pages/27.json]
[zeitgypsum.com/wp-json/oembed/1.0/embed7f5f.json]
[zeitgypsum.com/wp-json/oembed/1.0/embede4fa]
[zeitgypsum.com/wp-content/themes/zeit-theme-dev/images/product-list-bg.jpg]
[zeitgypsum.com/wp-content/themes/zeit-theme-dev/tpl-product/tpl-product3781.js]
[zeitgypsum.com/san-pham-va-giai-phap/san-pham/index.html]
[zeitgypsum.com/san-pham-va-giai-phap/san-pham/indexa31b.html]
[zeitgypsum.com/wp-content/themes/zeit-theme-dev/tpl-tai-lieu/tpl-tai-lieu3781.css]
[zeitgypsum.com/wp-json/wp/v2/pages/146.json]
[zeitgypsum.com/wp-json/oembed/1.0/embed38f9.json]
[zeitgypsum.com/wp-json/oembed/1.0/embededb6]
[zeitgypsum.com/wp-content/themes/zeit-theme-dev/images/wave.png]
[zeitgypsum.com/wp-content/themes/zeit-theme-dev/images/bg-1.png]
[zeitgypsum.com/wp-content/uploads/2022/05/z3497221372966_59cb19c778c192cedd720475a3dd0e42.jpg]
[zeitgypsum.com/wp-content/uploads/2022/06/pk-cd.jpg]
[zeitgypsum.com/wp-content/uploads/2022/06/pk-hd.jpg]
[zeitgypsum.com/chinh-sach-bao-hanh/chinh-sach-bao-hanh-1-doi-1/index.html]
[zeitgypsum.com/wp-content/uploads/2022/06/coffe-hd.jpg]
[zeitgypsum.com/wp-content/uploads/2022/06/z3498997540562_dc20086ba8962023b2c0e72f8d473078.jpg]
[zeitgypsum.com/wp-content/uploads/2022/05/FM-768700.pdf]
[zeitgypsum.com/wp-content/uploads/2022/06/z3498997536487_db708efc6123a31e5b5e9f55aa209bcb.jpg]
[zeitgypsum.com/wp-content/uploads/2022/06/2022_QCVN-certificate.pdf]
[zeitgypsum.com/thu-vien-thach-cao/phong-khach-co-dien/index.html]
[zeitgypsum.com/wp-content/uploads/2022/06/z3499066328410_3eefd8bcc6777ea2e934c08f60f39816.jpg]
[zeitgypsum.com/wp-content/uploads/2022/06/220617_Zeit-Brochure-Vie.pdf]
[zeitgypsum.com/wp-content/uploads/2022/06/220617_Zeit-Brochure-Eng.pdf]
[zeitgypsum.com/wp-content/uploads/2022/06/160622-BV-Tran-chim-dong-dang-1_413x310.jpg]
[zeitgypsum.com/thu-vien-thach-cao/phong-khach-hien-dai/index.html]
[zeitgypsum.com/wp-content/uploads/2022/06/160622-BV-Tran-chim-dong-dang.pdf]
[zeitgypsum.com/wp-content/uploads/2022/06/160622-BV-Tran-chim-xuong-ca.pdf]
[zeitgypsum.com/wp-content/uploads/2022/06/160622-BV-Tran-noi.pdf]
[zeitgypsum.com/wp-content/uploads/2022/06/160622-BV-Vach-thach-cao-Khung-@406.pdf]
[zeitgypsum.com/wp-content/uploads/2022/06/160622-BV-Vach-thach-cao-Khung-@610.pdf]
[zeitgypsum.com/thu-vien-thach-cao/coffee-nha-hang/index.html]
[zeitgypsum.com/wp-content/themes/zeit-theme-dev/tpl-tai-lieu/tpl-tai-lieu3781.js]
[zeitgypsum.com/tai-lieu/index.html]
[zeitgypsum.com/wp-content/themes/zeit-theme-dev/tpl-faq/tpl-faq3781.css]
[zeitgypsum.com/wp-json/wp/v2/pages/20.json]
[zeitgypsum.com/wp-json/oembed/1.0/embed17a4.json]
[zeitgypsum.com/wp-json/oembed/1.0/embedf783]
[zeitgypsum.com/wp-content/themes/zeit-theme-dev/images/faq-img.png]
[zeitgypsum.com/tai-lieu/cau-hoi-thuong-gap/index.html]
[zeitgypsum.com/wp-content/themes/zeit-theme-dev/tpl-calculation/tpl-calculation3781.css]
[zeitgypsum.com/wp-json/wp/v2/pages/30.json]
[zeitgypsum.com/wp-json/oembed/1.0/embedab41.json]
[zeitgypsum.com/wp-json/oembed/1.0/embedc910]
[zeitgypsum.com/wp-content/themes/zeit-theme-dev/images/calculation.png]
[ajax.googleapis.com/ajax/libs/angularjs/1.8.0/angulard434.js]
[zeitgypsum.com/tai-lieu/uoc-tinh-chi-phi-vat-tu/index.html]
[zeitgypsum.com/wp-content/themes/zeit-theme-dev/tpl-calculation/tpl-calculation3781.js]
[zeitgypsum.com/wp-content/themes/zeit-theme-dev/tpl-documents/tpl-documents3781.css]
[zeitgypsum.com/wp-json/wp/v2/pages/110.json]
[zeitgypsum.com/wp-json/oembed/1.0/embed65c0.json]
[zeitgypsum.com/wp-json/oembed/1.0/embeddbdd]
[zeitgypsum.com/wp-content/themes/zeit-theme-dev/images/list-banner.png]
[zeitgypsum.com/tai-lieu/chinh-sach-bao-hanh/index.html]
[zeitgypsum.com/wp-content/themes/zeit-theme-dev/tpl-thu-vien-thach-cao/tpl-thu-vien-thach-cao3781.css]
[zeitgypsum.com/tai-lieu/form-chinh-sach-bao-hanh/index.html]
[zeitgypsum.com/wp-json/wp/v2/pages/59.json]
[zeitgypsum.com/wp-json/oembed/1.0/embed78f7.json]
[zeitgypsum.com/wp-json/oembed/1.0/embed3e64]
[zeitgypsum.com/wp-content/uploads/2022/06/coffee-hd.jpg]
[zeitgypsum.com/wp-content/uploads/2022/06/office.jpg]
[zeitgypsum.com/wp-content/uploads/2022/06/pb-cd.jpg]
[zeitgypsum.com/wp-content/uploads/2022/06/pb-hd.jpg]
[zeitgypsum.com/wp-content/uploads/2022/06/pn-hd.jpg]
[zeitgypsum.com/wp-content/uploads/2022/06/pn-cd.jpg]
[zeitgypsum.com/thu-vien-thach-cao/coffee-nha-hang-hien-dai/index.html]
[zeitgypsum.com/wp-content/uploads/2022/06/te-cd.jpg]
[zeitgypsum.com/wp-content/uploads/2022/06/te-hd.jpg]
[zeitgypsum.com/wp-content/uploads/2022/06/pt-cd.jpg]
[zeitgypsum.com/wp-content/uploads/2022/06/pt-hd.jpg]
[zeitgypsum.com/thu-vien-thach-cao/van-phong-hien-dai/index.html]
[zeitgypsum.com/wp-content/uploads/2022/06/gym-cd.jpg]
[zeitgypsum.com/wp-content/uploads/2022/06/gym-hd.jpg]
[zeitgypsum.com/wp-content/uploads/2022/06/hotel-cd.jpg]
[zeitgypsum.com/wp-content/uploads/2022/06/hotel-hd.jpg]
[zeitgypsum.com/wp-content/themes/zeit-theme-dev/tpl-thu-vien-thach-cao/tpl-thu-vien-thach-cao3781.js]
[zeitgypsum.com/tai-lieu/thu-vien-thach-cao/index.html]
[zeitgypsum.com/thu-vien-thach-cao/phong-bep-co-dien/index.html]
[zeitgypsum.com/thu-vien-thach-cao/phong-bep-hien-dai/index.html]
[zeitgypsum.com/wp-content/themes/zeit-theme-dev/tpl-download/tpl-download3781.css]
[zeitgypsum.com/wp-json/wp/v2/pages/55.json]
[zeitgypsum.com/thu-vien-thach-cao/phong-ngu-hien-dai/index.html]
[zeitgypsum.com/thu-vien-thach-cao/phong-ngu-co-dien/index.html]
[zeitgypsum.com/thu-vien-thach-cao/phong-tre-em-co-dien/index.html]
[zeitgypsum.com/wp-json/oembed/1.0/embed8b0e.json]
[zeitgypsum.com/thu-vien-thach-cao/phong-tre-em-hien-dai/index.html]
[zeitgypsum.com/wp-json/oembed/1.0/embedc39e]
[zeitgypsum.com/thu-vien-thach-cao/phong-tam-co-dien/index.html]
[zeitgypsum.com/wp-content/uploads/2023/01/2022_QCVN-MTD-9mm.pdf]
[zeitgypsum.com/thu-vien-thach-cao/phong-tam-hien-dai/index.html]
[zeitgypsum.com/wp-content/uploads/2023/01/2022_QCVN-STD-12.5mm.pdf]
[zeitgypsum.com/wp-content/uploads/2023/01/2022_QCVN_STD-8mm.pdf]
[zeitgypsum.com/wp-content/uploads/2023/06/KS_New-version_June2023.pdf]
[zeitgypsum.com/thu-vien-thach-cao/phong-tap-gym-yoga-co-dien/index.html]
[zeitgypsum.com/wp-content/uploads/2023/03/2023_QCVN-certificate_SD-12.7mm.pdf]
[zeitgypsum.com/wp-content/uploads/2023/03/2023_QCVN-certificate_MR-12.7mm.pdf]
[zeitgypsum.com/wp-content/uploads/2023/03/2023_QCVN-certificate_FR-12.7mm.pdf]
[zeitgypsum.com/wp-content/uploads/2023/03/Gypsumboard-Radon-emission_Standard.pdf]
[zeitgypsum.com/thu-vien-thach-cao/phong-tap-gym-yoga-hien-dai/index.html]
[zeitgypsum.com/wp-content/uploads/2023/03/Gypsumboard-Asbestos_Standard.pdf]
[zeitgypsum.com/wp-content/uploads/2023/03/Gypusmboard-Air-quality-test_Standard.pdf]
[zeitgypsum.com/wp-content/uploads/2023/04/2023_QCVN-certificate_FR-9.0mm.pdf]
[zeitgypsum.com/wp-content/uploads/2023/04/2023_QCVN-certificate_FR-15.9mm.pdf]
[zeitgypsum.com/thu-vien-thach-cao/khach-san-trung-tam-thuong-mai-co-dien/index.html]
[zeitgypsum.com/wp-content/themes/zeit-theme-dev/tpl-download/tpl-download3781.js]
[zeitgypsum.com/tai-lieu/tai-tai-lieu/index.html]
[zeitgypsum.com/thu-vien-thach-cao/khach-san-trung-tam-thuong-mai-hien-dai/index.html]
[zeitgypsum.com/wp-content/themes/zeit-theme-dev/tpl-kenh-phan-phoi/tpl-kenh-phan-phoi3781.css]
[zeitgypsum.com/wp-json/wp/v2/pages/25.json]
[zeitgypsum.com/wp-json/oembed/1.0/embed2872.json]
[zeitgypsum.com/wp-json/oembed/1.0/embedb17f]
[zeitgypsum.com/kenh-phan-phoi/index.html]
[zeitgypsum.com/wp-content/themes/zeit-theme-dev/tpl-kenh-phan-phoi/tpl-kenh-phan-phoi3781.js]
[zeitgypsum.com/kenh-phan-phoi/index8d77.html]
[zeitgypsum.com/wp-content/themes/zeit-theme-dev/tpl-news/tpl-news3781.css]
[zeitgypsum.com/kenh-phan-phoi/index7356.html]
[zeitgypsum.com/wp-json/wp/v2/pages/41.json]
[zeitgypsum.com/wp-json/oembed/1.0/embed73b9.json]
[zeitgypsum.com/wp-json/oembed/1.0/embed2d78]
[zeitgypsum.com/wp-content/uploads/2022/07/frame-bg.png]
[zeitgypsum.com/wp-content/themes/zeit-theme-dev/tpl-news/tpl-news3781.js]
[zeitgypsum.com/tin-tuc/index.html]
[zeitgypsum.com/wp-content/themes/zeit-theme-dev/tpl-contact-us/tpl-contact-us3781.css]
[zeitgypsum.com/tin-tuc/chuong-trinh-loc-dau-nam-cung-zeit-gypsum/index.html]
[zeitgypsum.com/tin-tuc/zeit-gypsum-thach-cao-han-quoc-cua-rieng-ban/index.html]
[zeitgypsum.com/wp-json/wp/v2/pages/35.json]
[zeitgypsum.com/wp-json/oembed/1.0/embed5162.json]
[zeitgypsum.com/wp-json/oembed/1.0/embed5652]
[zeitgypsum.com/wp-content/uploads/2022/07/z3533251582243_5997f323484ae3df7ca281ba2f0804ce.jpg]
[zeitgypsum.com/wp-content/themes/zeit-theme-dev/images/Facebook.svg]
[zeitgypsum.com/wp-content/themes/zeit-theme-dev/images/youtube.svg]
[zeitgypsum.com/wp-content/themes/zeit-theme-dev/images/linkedin.svg]
[zeitgypsum.com/wp-content/themes/zeit-theme-dev/images/Zalo.svg]
[zeitgypsum.com/wp-content/themes/zeit-theme-dev/tpl-contact-us/tpl-contact-us3781.js]
[zeitgypsum.com/lien-he/index.html]
[zeitgypsum.com/wp-content/themes/zeit-theme-dev/images/cl-bg.svg]
[zeitgypsum.com/transparent.html]
[zeitgypsum.com/wp-json/wp/v2/pages/106.json]
[zeitgypsum.com/wp-json/oembed/1.0/embedbb9c.json]
[zeitgypsum.com/wp-json/oembed/1.0/embedc4da]
[zeitgypsum.com/tai-lieu/huong-dan-thi-cong/index.html]
[zeitgypsum.com/wp-json/wp/v2/pages/23.json]
[zeitgypsum.com/wp-json/oembed/1.0/embed0b90.json]
[zeitgypsum.com/wp-json/oembed/1.0/embed23f1]
[zeitgypsum.com/tai-lieu/giai-dap-ky-thuat/index.html]
[zeitgypsum.com/wp-content/uploads/2022/05/z3498971509544_49590204c220832d6f927db8418114cd.jpg]
[zeitgypsum.com/giai-dap-ky-thuat/cac-tinh-nang-dac-biet-cua-thach-cao-zeit/index.html]
[zeitgypsum.com/wp-content/themes/zeit-theme-dev/tpl-product-detail/tpl-product-detail3781.css]
[zeitgypsum.com/wp-json/oembed/1.0/embeda534.json]
[zeitgypsum.com/wp-json/oembed/1.0/embed5497]
[zeitgypsum.com/wp-content/uploads/2023/06/Thumbnail_STANDARD_1-1.jpg]
[zeitgypsum.com/wp-content/uploads/2023/06/Thumbnail_STANDARD_2-1.jpg]
[zeitgypsum.com/wp-content/uploads/2023/06/Thumbnail_STANDARD_4-1.jpg]
[zeitgypsum.com/wp-content/uploads/2023/06/Thumbnail_STANDARD_33.jpg]
[zeitgypsum.com/wp-content/uploads/2023/06/Thumbnail_STANDARD_5-1.jpg]
[zeitgypsum.com/wp-content/uploads/2022/06/160622-BV-Tran-noi-1_413x310.jpg]
[zeitgypsum.com/san-pham/product-tuong-trung/index.html]
[zeitgypsum.com/wp-content/themes/zeit-theme-dev/tpl-product-detail/tpl-product-detail3781.js]
[zeitgypsum.com/wp-json/oembed/1.0/embed1e2d.json]
[zeitgypsum.com/wp-json/oembed/1.0/embed0ef7]
[zeitgypsum.com/wp-content/uploads/2023/06/Thumbnail_MOISTURE_1.jpg]
[zeitgypsum.com/wp-content/uploads/2023/06/Thumbnail_MOISTURE_2.jpg]
[zeitgypsum.com/wp-content/uploads/2023/06/Thumbnail_MOISTURE_4.jpg]
[zeitgypsum.com/wp-content/uploads/2023/06/Thumbnail_MOISTURE_3-1.jpg]
[zeitgypsum.com/san-pham/tam-thach-cao-chong-am-zeit/index.html]
[zeitgypsum.com/wp-content/uploads/2022/06/160622-BV-Tran-chim-xuong-ca-1_413x310.jpg]
[zeitgypsum.com/wp-json/oembed/1.0/embed79f2.json]
[zeitgypsum.com/wp-json/oembed/1.0/embedb102]
[zeitgypsum.com/wp-content/uploads/2023/06/Thumbnail_FIRE_1.jpg]
[zeitgypsum.com/wp-content/uploads/2023/06/Thumbnail_FIRE_2.jpg]
[zeitgypsum.com/wp-content/uploads/2023/06/Thumbnail_FIRE_4.jpg]
[zeitgypsum.com/wp-content/uploads/2023/06/Thumbnail_FIRE_3-1.jpg]
[zeitgypsum.com/wp-content/uploads/2022/06/160622-BV-Vach-thach-cao-Khung-@610-1_413x310.jpg]
[zeitgypsum.com/san-pham/tam-thach-cao-chong-chay-zeit/index.html]
[zeitgypsum.com/wp-content/uploads/2022/06/160622-BV-Vach-thach-cao-Khung-@406-1_413x310.jpg]
[zeitgypsum.com/wp-content/themes/zeit-theme-dev/tpl-news-detail/tpl-news-detail3781.css]
[zeitgypsum.com/wp-json/oembed/1.0/embed26fd.json]
[zeitgypsum.com/wp-json/oembed/1.0/embed89cc]
[zeitgypsum.com/wp-content/uploads/2023/05/Zeit-River-Thu-Thiem_ThucTeThiCong230a.mp4]
[zeitgypsum.com/wp-content/uploads/2023/05/Zeit-River-Thu-Thiem_ThucTeThiCong.mp4]
[zeitgypsum.com/wp-includes/js/mediaelement/mediaelementplayer-legacy.min1f61.css]
[zeitgypsum.com/wp-includes/js/mediaelement/wp-mediaelement.min3781.css]
[zeitgypsum.com/wp-content/themes/zeit-theme-dev/tpl-news-detail/tpl-news-detail3781.js]
[zeitgypsum.com/tin-tuc/tiet-kiem-chi-phi-toi-da-khi-thi-cong-tam-thach-cao-zeit-gypsum/index.html]
[zeitgypsum.com/wp-json/oembed/1.0/embed7bd6.json]
[zeitgypsum.com/wp-json/oembed/1.0/embed103f]
[zeitgypsum.com/wp-content/uploads/2023/03/Dang-ky-1-doi-1_2-scaled.jpg]
[zeitgypsum.com/wp-content/uploads/2023/03/Dang-ky-1-doi-1_3-scaled.jpg]
[zeitgypsum.com/wp-content/uploads/2023/03/Dang-ky-1-doi-1_4-scaled.jpg]
[zeitgypsum.com/tin-tuc/dang-ky-1-doi-1-gia-chu-tam-an-tho-thau-uy-tin/index.html]
[zeitgypsum.com/wp-json/oembed/1.0/embed4759.json]
[zeitgypsum.com/wp-json/oembed/1.0/embedec7e]
[zeitgypsum.com/wp-content/uploads/2023/03/Lotte-Mall-Tay-Ho_1.jpg]
[zeitgypsum.com/wp-content/uploads/2023/03/Lotte-Mall-Tay-Ho_3.jpg.png]
[zeitgypsum.com/wp-content/uploads/2023/03/Zeit-Thu-Thiem_1.png]
[zeitgypsum.com/wp-content/uploads/2023/03/Zeit-Thu-Thiem_2.png.jpg]
[zeitgypsum.com/wp-content/uploads/2023/03/Chung-cu-Vinh-Loc.png]
[zeitgypsum.com/wp-content/uploads/2023/03/Nha-Kho-van-JD-.png]
[zeitgypsum.com/wp-content/uploads/2023/03/Nha-xuong-Ashton.jpg]
[zeitgypsum.com/wp-content/uploads/2023/03/Chung-cu-Dragon.png]
[zeitgypsum.com/wp-content/uploads/2023/03/Khach-san-Yen-Hoa.png]
[zeitgypsum.com/wp-content/uploads/2023/03/NOXH-Cao-Nguyen.png]
[zeitgypsum.com/tin-tuc/cac-du-an-da-va-dang-thuc-hien/index.html]
[zeitgypsum.com/wp-json/oembed/1.0/embedd981.json]
[zeitgypsum.com/en/news/chuong-trinh-loc-dau-nam-cung-zeit-gypsum-2/index.html]
[zeitgypsum.com/wp-json/oembed/1.0/embed2217]
[zeitgypsum.com/tin-tuc/chuong-trinh-loc-dau-nam-cung-zeit-gypsum-2/index.html]
[zeitgypsum.com/wp-json/wp/v2/pages/108.json]
[zeitgypsum.com/wp-json/oembed/1.0/embed23e1.json]
[zeitgypsum.com/wp-json/oembed/1.0/embedba9c]
[zeitgypsum.com/wp-content/uploads/2022/06/z3498473482206_a1fe3105e629745e60d94287e276842e.jpg]
[zeitgypsum.com/wp-content/uploads/2022/06/z3498498167653_dc2466376377bae32957d9735af3e9ca.jpg]
[zeitgypsum.com/wp-content/uploads/2022/06/z3498498133524_f19a5bc0c9a03bbd58d14fa35733f6b2.jpg]
[zeitgypsum.com/tai-lieu/nhan-dien-thach-cao/index.html]
[zeitgypsum.com/nhan-dien-thach-cao/nhan-biet-tam-thach-cao-tieu-chuan-zeit/index.html]
[zeitgypsum.com/nhan-dien-thach-cao/nhan-biet-tam-thach-cao-chong-am-zeit/index.html]
[zeitgypsum.com/wp-content/themes/zeit-theme-dev/tpl-about-us-2/tpl-about-us-23781.css]
[zeitgypsum.com/nhan-dien-thach-cao/nhan-biet-tam-thach-cao-chong-chay-zeit/index.html]
[zeitgypsum.com/wp-json/wp/v2/pages/39.json]
[zeitgypsum.com/wp-json/oembed/1.0/embed4526.json]
[zeitgypsum.com/wp-json/oembed/1.0/embed8376]
[zeitgypsum.com/wp-content/themes/zeit-theme-dev/images/about-bg.png]
[zeitgypsum.com/wp-content/uploads/2022/04/banner-home-1-1-1.png]
[zeitgypsum.com/wp-content/uploads/2022/04/banner-home-1-1-2.png]
[zeitgypsum.com/wp-content/uploads/2022/04/banner-home-3-1.png]
[zeitgypsum.com/wp-content/uploads/2022/04/banner-home-3-2.png]
[zeitgypsum.com/wp-content/uploads/2022/04/Frame-48096148.png]
[zeitgypsum.com/wp-content/uploads/2022/04/Thu-Thiem-Zeit-River-6-1024x577-1.png]
[zeitgypsum.com/wp-content/uploads/2022/05/70e74530f544351a6c55.jpg]
[zeitgypsum.com/wp-content/uploads/2022/04/Frame-48095940.png]
[zeitgypsum.com/wp-content/uploads/2022/04/Frame-48096150.png]
[zeitgypsum.com/wp-content/uploads/2022/04/Frame-48095942.png]
[zeitgypsum.com/wp-content/uploads/2022/04/Frame-48095945.png]
[zeitgypsum.com/ve-zeit-gypsum/ve-chung-toi-2/index.html]
[zeitgypsum.com/wp-content/themes/zeit-theme-dev/tpl-about-us-2/tpl-about-us-23781.js]
[zeitgypsum.com/en/wp-json/wp/v2/pages/716.json]
[zeitgypsum.com/en/wp-json/oembed/1.0/embed751c.json]
[zeitgypsum.com/en/wp-json/oembed/1.0/embedc715]
[zeitgypsum.com/wp-content/uploads/2022/05/Rectangle-34.jpg]
[zeitgypsum.com/en/about-us/index.html]
[zeitgypsum.com/en/wp-json/wp/v2/pages/733.json]
[zeitgypsum.com/en/wp-json/oembed/1.0/embeda869.json]
[zeitgypsum.com/en/products-solutions/index.html]
[zeitgypsum.com/en/wp-json/oembed/1.0/embed9aba]
[zeitgypsum.com/en/wp-json/wp/v2/pages/736.json]
[zeitgypsum.com/en/wp-json/oembed/1.0/embedbccf.json]
[zeitgypsum.com/en/wp-json/oembed/1.0/embed80a6]
[zeitgypsum.com/en/products-solutions/products/index.html]
[zeitgypsum.com/en/wp-json/wp/v2/pages/853.json]
[zeitgypsum.com/en/products-solutions/products/indexa31b.html]
[zeitgypsum.com/en/wp-json/oembed/1.0/embed6697.json]
[zeitgypsum.com/en/wp-json/oembed/1.0/embedb552]
[zeitgypsum.com/wp-content/uploads/2022/06/z3497288957201_14bba0483088839a2b4d87a8a6290e02.jpg]
[zeitgypsum.com/en/resources/index.html]
[zeitgypsum.com/en/warranty-policy/one-for-one-replacement-in-10-years/index.html]
[zeitgypsum.com/en/thu-vien-thach-cao/living-room-classic/index.html]
[zeitgypsum.com/en/wp-json/wp/v2/pages/749.json]
[zeitgypsum.com/en/thu-vien-thach-cao/coffee-restaurant-classic/index.html]
[zeitgypsum.com/en/wp-json/oembed/1.0/embed10f4.json]
[zeitgypsum.com/en/thu-vien-thach-cao/living-room-modern-style/index.html]
[zeitgypsum.com/en/wp-json/oembed/1.0/embedc20b]
[zeitgypsum.com/en/resources/faq/index.html]
[zeitgypsum.com/en/wp-json/wp/v2/pages/976.json]
[zeitgypsum.com/en/wp-json/oembed/1.0/embedee62.json]
[zeitgypsum.com/en/wp-json/oembed/1.0/embed204d]
[zeitgypsum.com/en/resources/material-cost-estimation/index.html]
[zeitgypsum.com/en/wp-json/wp/v2/pages/859.json]
[zeitgypsum.com/en/wp-json/oembed/1.0/embed981e.json]
[zeitgypsum.com/en/wp-json/oembed/1.0/embed1ec4]
[zeitgypsum.com/en/resources/ceilings-library/index.html]
[zeitgypsum.com/en/wp-json/wp/v2/pages/984.json]
[zeitgypsum.com/en/thu-vien-thach-cao/coffee-restaurant-modern-style/index.html]
[zeitgypsum.com/en/thu-vien-thach-cao/office-modern-style/index.html]
[zeitgypsum.com/en/wp-json/oembed/1.0/embed76ff.json]
[zeitgypsum.com/en/thu-vien-thach-cao/kitchen-classic-style/index.html]
[zeitgypsum.com/en/thu-vien-thach-cao/kitchen-modern-style/index.html]
[zeitgypsum.com/en/wp-json/oembed/1.0/embed009b]
[zeitgypsum.com/en/resources/warranty-information/index.html]
[zeitgypsum.com/en/thu-vien-thach-cao/bedroom-modern-style/index.html]
[zeitgypsum.com/en/thu-vien-thach-cao/bedroom-classical-style/index.html]
[zeitgypsum.com/en/thu-vien-thach-cao/children-room-classical-style/index.html]
[zeitgypsum.com/en/wp-json/wp/v2/pages/857.json]
[zeitgypsum.com/en/thu-vien-thach-cao/children-room-modern-style/index.html]
[zeitgypsum.com/en/thu-vien-thach-cao/bathroom-classical-style/index.html]
[zeitgypsum.com/en/wp-json/oembed/1.0/embed6369.json]
[zeitgypsum.com/en/thu-vien-thach-cao/bathroom-modern-style/index.html]
[zeitgypsum.com/en/thu-vien-thach-cao/gym-yoga-room-classical-style/index.html]
[zeitgypsum.com/en/wp-json/oembed/1.0/embed1d57]
[zeitgypsum.com/en/resources/documents-files/index.html]
[zeitgypsum.com/en/thu-vien-thach-cao/gym-yoga-modern-style/index.html]
[zeitgypsum.com/en/thu-vien-thach-cao/hotel-mall-classical-style/index.html]
[zeitgypsum.com/en/thu-vien-thach-cao/hotel-mall-classical-style-2/index.html]
[zeitgypsum.com/en/wp-json/wp/v2/pages/744.json]
[zeitgypsum.com/en/wp-json/oembed/1.0/embede656.json]
[zeitgypsum.com/en/wp-json/oembed/1.0/embed69cf]
[zeitgypsum.com/en/kenh-phan-phoi/index.html]
[zeitgypsum.com/en/kenh-phan-phoi/index7356.html]
[zeitgypsum.com/en/kenh-phan-phoi/index8d77.html]
[zeitgypsum.com/en/wp-json/wp/v2/pages/740.json]
[zeitgypsum.com/en/wp-json/oembed/1.0/embed2ebe.json]
[zeitgypsum.com/en/wp-json/oembed/1.0/embede601]
[zeitgypsum.com/en/news/index.html]
[zeitgypsum.com/wp-content/uploads/2023/02/Hinh-1.webp]
[zeitgypsum.com/en/news/chuong-trinh-loc-dau-nam-cung-zeit-gypsum/index.html]
[zeitgypsum.com/en/wp-json/wp/v2/pages/742.json]
[zeitgypsum.com/en/news/zeit-gypsum-tailored-for-you/index.html]
[zeitgypsum.com/en/wp-json/oembed/1.0/embed6446.json]
[zeitgypsum.com/en/wp-json/oembed/1.0/embed36f7]
[zeitgypsum.com/en/contact-us/index.html]
[zeitgypsum.com/en/wp-json/wp/v2/pages/980.json]
[zeitgypsum.com/en/wp-json/oembed/1.0/embed8bf8.json]
[zeitgypsum.com/en/wp-json/oembed/1.0/embed3834]
[zeitgypsum.com/wp-content/uploads/2022/06/z3498971513070_ce2f6dbc644484350e9d4247170c6a1e.jpg]
[zeitgypsum.com/en/resources/techincal-information/index.html]
[zeitgypsum.com/en/transparent.html]
[zeitgypsum.com/en/technial-answers/unique-features-of-zeit-gypsums-plasterboards/index.html]
[zeitgypsum.com/en/wp-json/wp/v2/pages/981.json]
[zeitgypsum.com/en/wp-json/oembed/1.0/embedcd8e.json]
[zeitgypsum.com/en/resources/installation-guide/index.html]
[zeitgypsum.com/en/wp-json/oembed/1.0/embed66e2]
[zeitgypsum.com/en/wp-json/oembed/1.0/embedbe89.json]
[zeitgypsum.com/en/wp-json/oembed/1.0/embed4e16]
[zeitgypsum.com/wp-content/uploads/2022/06/Gypsum-Mockup-Standard.png]
[zeitgypsum.com/wp-content/uploads/2022/06/Stack-New-Standard.png]
[zeitgypsum.com/en/product/zeit-standard/index.html]
[zeitgypsum.com/wp-content/uploads/2022/06/Gypsum-stack_-full-mockup.png]
[zeitgypsum.com/en/wp-json/oembed/1.0/embed5270.json]
[zeitgypsum.com/en/wp-json/oembed/1.0/embedc05c]
[zeitgypsum.com/wp-content/uploads/2022/06/Gypsum-Mockup-moist.png]
[zeitgypsum.com/wp-content/uploads/2022/06/Stack-New-moist.png]
[zeitgypsum.com/wp-content/uploads/2022/06/Gypsum-stack_-full-mockup-moist.png]
[zeitgypsum.com/en/product/zeit-moist-proof/index.html]
[zeitgypsum.com/en/wp-json/oembed/1.0/embed4dbb.json]
[zeitgypsum.com/en/wp-json/oembed/1.0/embedbd22]
[zeitgypsum.com/wp-content/uploads/2022/06/Gypsum-Mockup-Fire.png]
[zeitgypsum.com/wp-content/uploads/2022/06/Stack-New-fire.png]
[zeitgypsum.com/wp-content/uploads/2022/06/Gypsum-stack_-fire.png]
[zeitgypsum.com/en/product/zeit-fire-proof/index.html]
[zeitgypsum.com/en/wp-json/oembed/1.0/embed3c37.json]
[zeitgypsum.com/en/wp-json/oembed/1.0/embedfe4c]
[zeitgypsum.com/en/news/tiet-kiem-chi-phi-toi-da-khi-thi-cong-tam-thach-cao-zeit-gypsum/index.html]
[zeitgypsum.com/en/wp-json/oembed/1.0/embed02e2.json]
[zeitgypsum.com/en/wp-json/oembed/1.0/embed8272]
[zeitgypsum.com/en/news/program-of-1-to-1-exchange-for-installers-25-03-30-06/index.html]
[zeitgypsum.com/en/wp-json/oembed/1.0/embed3196.json]
[zeitgypsum.com/en/news/ongoing-projects/index.html]
[zeitgypsum.com/en/wp-json/oembed/1.0/embed8dc1]
[zeitgypsum.com/en/wp-json/oembed/1.0/embed2ff4.json]
[zeitgypsum.com/en/wp-json/oembed/1.0/embedf177]
[zeitgypsum.com/en/tin-tuc/chuong-trinh-loc-dau-nam-cung-zeit-gypsum-2/index.html]
[zeitgypsum.com/en/wp-json/wp/v2/pages/978.json]
[zeitgypsum.com/en/wp-json/oembed/1.0/embed4691.json]
[zeitgypsum.com/en/wp-json/oembed/1.0/embed2391]
[zeitgypsum.com/wp-content/uploads/2022/06/z3498498247778_3429a37b572bb3dbae31e44d67c6a1d7.jpg]
[zeitgypsum.com/wp-content/uploads/2022/06/z3498498173541_fca7ef21c1e5b856ec6944251abbc5a5.jpg]
[zeitgypsum.com/wp-content/uploads/2022/06/z3498498065780_3f6563c50a4f1eef6867858da4221a2b.jpg]
[zeitgypsum.com/en/resources/zeit-gypsum-identification/index.html]
[zeitgypsum.com/en/zeit-gypsum-identification/zeit-standard-branding-features/index.html]
[zeitgypsum.com/en/zeit-gypsum-identification/zeit-moist-proof-branding-features/index.html]
[zeitgypsum.com/en/wp-json/wp/v2/pages/718.json]
[zeitgypsum.com/en/zeit-gypsum-identification/zeit-fire-proof-branding-features/index.html]
[zeitgypsum.com/en/wp-json/oembed/1.0/embedfede.json]
[zeitgypsum.com/en/wp-json/oembed/1.0/embedec07]
[zeitgypsum.com/wp-content/uploads/2022/05/banner-home-1-1-1.png]
[zeitgypsum.com/wp-content/uploads/2022/05/banner-home-1-1-2.png]
[zeitgypsum.com/wp-content/uploads/2022/05/banner-home-3-1.png]
[zeitgypsum.com/wp-content/uploads/2022/05/banner-home-3-2.png]
[zeitgypsum.com/wp-content/uploads/2022/05/Frame-48096148.png]
[zeitgypsum.com/wp-content/uploads/2022/05/Thu-Thiem-Zeit-River-6-1024x577-1.png]
[zeitgypsum.com/wp-content/uploads/2022/05/70e74530f544351a6c55-1.jpg]
[zeitgypsum.com/wp-content/uploads/2022/05/Frame-48095940.png]
[zeitgypsum.com/wp-content/uploads/2022/05/Frame-48096150.png]
[zeitgypsum.com/wp-content/uploads/2022/05/Frame-48095942.png]
[zeitgypsum.com/wp-content/uploads/2022/05/Frame-48095945.png]
[zeitgypsum.com/en/about-us/about-us-2/index.html]
[zeitgypsum.com/wp-content/themes/zeit-theme-dev/images/zeit-bg.svg]
[zeitgypsum.com/wp-content/themes/zeit-theme-dev/images/zeit-bg-2.svg]
[zeitgypsum.com/wp-content/themes/zeit-theme-dev/images/glow.svg]
[zeitgypsum.com/wp-content/themes/zeit-theme-dev/tpl-about-us/tpl-about-us3781.css]
[zeitgypsum.com/index0735.html]
[zeitgypsum.com/wp-content/themes/zeit-theme-dev/tpl-about-us/tpl-about-us3781.js]
[zeitgypsum.com/wp-content/themes/zeit-theme-dev/images/quote.svg]
[zeitgypsum.com/wp-content/themes/zeit-theme-dev/tpl-product-solution/tpl-product-solution3781.css]
[zeitgypsum.com/indexeffd.html]
[zeitgypsum.com/wp-content/themes/zeit-theme-dev/tpl-product-solution/tpl-product-solution3781.js]
[zeitgypsum.com/wp-content/themes/zeit-theme-dev/tpl-product/tpl-product3781.css]
[zeitgypsum.com/index1c4a.html]
[zeitgypsum.com/san-pham-va-giai-phap/san-pham/indexa31b.html]
[zeitgypsum.com/wp-content/themes/zeit-theme-dev/tpl-tai-lieu/tpl-tai-lieu3781.css]
[zeitgypsum.com/indexf488.html]
[zeitgypsum.com/wp-content/themes/zeit-theme-dev/tpl-document-detail/tpl-document-detail3781.css]
[zeitgypsum.com/wp-json/oembed/1.0/embedaa90.json]
[zeitgypsum.com/wp-json/oembed/1.0/embed083b]
[zeitgypsum.com/wp-content/uploads/2022/06/z3533121482496_f15506cbed5320b4418c87a45831b4c8.jpg]
[zeitgypsum.com/wp-content/uploads/2022/06/z3533121467050_8b2dde6e23ca77c703563dc6856878cc.jpg]
[zeitgypsum.com/wp-content/uploads/2022/06/z3533121457991_1fa9daa0374af2dab45adc380a9f950e.jpg]
[zeitgypsum.com/wp-content/uploads/2022/06/z3533121482507_12ac3982893b97ac3ebe2e3a708351c1.jpg]
[zeitgypsum.com/wp-content/themes/zeit-theme-dev/tpl-document-detail/tpl-document-detail3781.js]
[zeitgypsum.com/chinh-sach-bao-hanh/chinh-sach-bao-hanh-1-doi-1/index.html]
[zeitgypsum.com/wp-content/themes/zeit-theme-dev/tpl-single-thu-vien-thach-cao/tpl-single-thu-vien-thach-cao3781.css]
[zeitgypsum.com/wp-json/oembed/1.0/embed9e30.json]
[zeitgypsum.com/wp-json/oembed/1.0/embedb4a4]
[zeitgypsum.com/wp-content/uploads/2022/06/lr-classic-11.jpg]
[zeitgypsum.com/wp-content/uploads/2022/06/lr-classic-8.jpg]
[zeitgypsum.com/wp-content/uploads/2022/06/lr-classic-10.jpg]
[zeitgypsum.com/wp-content/uploads/2022/06/lr-classic-9.jpg]
[zeitgypsum.com/wp-content/uploads/2022/06/lr-classic-6.jpg]
[zeitgypsum.com/wp-content/uploads/2022/06/lr-classic-7.jpg]
[zeitgypsum.com/wp-content/uploads/2022/06/lr-classic-4.jpg]
[zeitgypsum.com/wp-content/uploads/2022/06/lr-classic-5.jpg]
[zeitgypsum.com/wp-content/uploads/2022/06/lr-classic-3.jpg]
[zeitgypsum.com/wp-content/uploads/2022/06/lr-classic-2.jpg]
[zeitgypsum.com/wp-content/uploads/2022/06/lr-classic-1.jpg]
[zeitgypsum.com/wp-content/uploads/2022/06/lr-classic-12.jpg]
[zeitgypsum.com/thu-vien-thach-cao/phong-khach-co-dien/index.html]
[zeitgypsum.com/wp-content/themes/zeit-theme-dev/tpl-single-thu-vien-thach-cao/tpl-single-thu-vien-thach-cao3781.js]
[zeitgypsum.com/wp-json/oembed/1.0/embed04e5.json]
[zeitgypsum.com/wp-json/oembed/1.0/embedbd4a]
[zeitgypsum.com/wp-content/uploads/2022/06/lr-modern-7.jpg]
[zeitgypsum.com/wp-content/uploads/2022/06/lr-modern-6.jpg]
[zeitgypsum.com/wp-content/uploads/2022/06/lr-modern-5.jpg]
[zeitgypsum.com/wp-content/uploads/2022/06/lr-modern-4.jpg]
[zeitgypsum.com/wp-content/uploads/2022/06/lr-modern-2.jpg]
[zeitgypsum.com/wp-content/uploads/2022/06/lr-modern-1.jpg]
[zeitgypsum.com/wp-content/uploads/2022/06/lr-modern-12.jpg]
[zeitgypsum.com/wp-content/uploads/2022/06/lr-modern-10.jpg]
[zeitgypsum.com/wp-content/uploads/2022/06/lr-modern-11.jpg]
[zeitgypsum.com/wp-content/uploads/2022/06/lr-modern-9.png]
[zeitgypsum.com/wp-content/uploads/2022/06/lr-modern-8.jpg]
[zeitgypsum.com/thu-vien-thach-cao/phong-khach-hien-dai/index.html]
[zeitgypsum.com/wp-content/uploads/2022/06/lr-modern-9.jpg]
[zeitgypsum.com/wp-json/oembed/1.0/embed58c5.json]
[zeitgypsum.com/wp-json/oembed/1.0/embedbef2]
[zeitgypsum.com/wp-content/uploads/2022/06/coffee-classical-13.jpg]
[zeitgypsum.com/wp-content/uploads/2022/06/coffee-classical-12.jpg]
[zeitgypsum.com/wp-content/uploads/2022/06/coffee-classical-11.jpg]
[zeitgypsum.com/wp-content/uploads/2022/06/coffee-classical-8.jpg]
[zeitgypsum.com/wp-content/uploads/2022/06/coffee-classical-7.jpg]
[zeitgypsum.com/wp-content/uploads/2022/06/coffee-classical-6.jpg]
[zeitgypsum.com/wp-content/uploads/2022/06/coffee-classical-5.jpg]
[zeitgypsum.com/wp-content/uploads/2022/06/coffee-classical-4.jpg]
[zeitgypsum.com/wp-content/uploads/2022/06/coffee-classical-3.jpg]
[zeitgypsum.com/wp-content/uploads/2022/06/coffee-classical-17.jpg]
[zeitgypsum.com/wp-content/uploads/2022/06/coffee-classical-2.jpg]
[zeitgypsum.com/wp-content/uploads/2022/06/coffee-classical-16.jpg]
[zeitgypsum.com/wp-content/uploads/2022/06/coffee-classical-15.jpg]
[zeitgypsum.com/thu-vien-thach-cao/coffee-nha-hang/index.html]
[zeitgypsum.com/wp-content/themes/zeit-theme-dev/tpl-faq/tpl-faq3781.css]
[zeitgypsum.com/index341b.html]
[zeitgypsum.com/wp-content/themes/zeit-theme-dev/tpl-faq/tpl-faq3781.js]
[zeitgypsum.com/wp-content/themes/zeit-theme-dev/tpl-calculation/tpl-calculation3781.css]
[zeitgypsum.com/index5643.html]
[zeitgypsum.com/wp-content/themes/zeit-theme-dev/tpl-documents/tpl-documents3781.css]
[zeitgypsum.com/index5f87.html]
[zeitgypsum.com/wp-content/themes/zeit-theme-dev/tpl-documents-form/tpl-documents-form3781.css]
[zeitgypsum.com/en/resources/warranty-policy-form/index.html]
[zeitgypsum.com/wp-json/wp/v2/pages/782.json]
[zeitgypsum.com/wp-json/oembed/1.0/embed0b34.json]
[zeitgypsum.com/wp-json/oembed/1.0/embed77ba]
[zeitgypsum.com/tai-lieu/form-chinh-sach-bao-hanh/index.html]
[zeitgypsum.com/wp-content/themes/zeit-theme-dev/tpl-documents-form/tpl-documents-form3781.js]
[zeitgypsum.com/wp-content/themes/zeit-theme-dev/tpl-documents/tpl-documents3781.js]
[zeitgypsum.com/wp-content/themes/zeit-theme-dev/tpl-thu-vien-thach-cao/tpl-thu-vien-thach-cao3781.css]
[zeitgypsum.com/index1098.html]
[zeitgypsum.com/wp-json/oembed/1.0/embed843f.json]
[zeitgypsum.com/wp-json/oembed/1.0/embed3af3]
[zeitgypsum.com/wp-content/uploads/2022/06/coffee-modern-6.jpg]
[zeitgypsum.com/wp-content/uploads/2022/06/coffee-modern-7.jpg]
[zeitgypsum.com/wp-content/uploads/2022/06/coffee-modern-5.jpg]
[zeitgypsum.com/wp-content/uploads/2022/06/coffee-modern-4.jpg]
[zeitgypsum.com/wp-content/uploads/2022/06/coffee-modern-3.jpg]
[zeitgypsum.com/wp-content/uploads/2022/06/coffee-modern-2.jpg]
[zeitgypsum.com/wp-content/uploads/2022/06/coffee-modern-1.jpg]
[zeitgypsum.com/wp-content/uploads/2022/06/coffee-modern-12.jpg]
[zeitgypsum.com/wp-content/uploads/2022/06/coffee-modern-11.jpg]
[zeitgypsum.com/wp-content/uploads/2022/06/coffee-modern-10.jpg]
[zeitgypsum.com/wp-content/uploads/2022/06/coffee-modern-9.jpg]
[zeitgypsum.com/wp-content/uploads/2022/06/coffee-modern-8.jpg]
[zeitgypsum.com/thu-vien-thach-cao/coffee-nha-hang-hien-dai/index.html]
[zeitgypsum.com/wp-json/oembed/1.0/embed236d.json]
[zeitgypsum.com/wp-json/oembed/1.0/embed5403]
[zeitgypsum.com/wp-content/uploads/2022/06/vp-modern-11.jpg]
[zeitgypsum.com/wp-content/uploads/2022/06/vp-modern-10.jpg]
[zeitgypsum.com/wp-content/uploads/2022/06/vp-modern-9.jpg]
[zeitgypsum.com/wp-content/uploads/2022/06/vp-modern-8.jpg]
[zeitgypsum.com/wp-content/uploads/2022/06/vp-modern-7.jpg]
[zeitgypsum.com/wp-content/uploads/2022/06/vp-modern-6.jpg]
[zeitgypsum.com/wp-content/uploads/2022/06/vp-modern-5.jpg]
[zeitgypsum.com/wp-content/uploads/2022/06/vp-modern-4.jpg]
[zeitgypsum.com/wp-content/uploads/2022/06/vp-modern-3.jpg]
[zeitgypsum.com/wp-content/uploads/2022/06/vp-modern-2.jpg]
[zeitgypsum.com/thu-vien-thach-cao/van-phong-hien-dai/index.html]
[zeitgypsum.com/wp-content/uploads/2022/06/vp-modern-1.jpg]
[zeitgypsum.com/wp-json/oembed/1.0/embede4aa.json]
[zeitgypsum.com/wp-json/oembed/1.0/embedf072]
[zeitgypsum.com/wp-content/uploads/2022/06/bep-cd-7.jpg]
[zeitgypsum.com/wp-content/uploads/2022/06/bep-cd-8.jpg]
[zeitgypsum.com/wp-content/uploads/2022/06/bep-cd-6.jpg]
[zeitgypsum.com/wp-content/uploads/2022/06/bep-cd-4.jpg]
[zeitgypsum.com/wp-content/uploads/2022/06/bep-cd-5.jpg]
[zeitgypsum.com/wp-content/uploads/2022/06/bep-cd-2.jpg]
[zeitgypsum.com/wp-content/uploads/2022/06/bep-cd-3.jpg]
[zeitgypsum.com/wp-content/uploads/2022/06/bep-cd-1.jpg]
[zeitgypsum.com/wp-content/uploads/2022/06/bep-cd-11.jpg]
[zeitgypsum.com/wp-content/uploads/2022/06/bep-cd-10.jpg]
[zeitgypsum.com/wp-content/uploads/2022/06/bep-cd-9.jpg]
[zeitgypsum.com/thu-vien-thach-cao/phong-bep-co-dien/index.html]
[zeitgypsum.com/wp-json/oembed/1.0/embeda732.json]
[zeitgypsum.com/wp-json/oembed/1.0/embed7de6]
[zeitgypsum.com/wp-content/uploads/2022/06/bep-hd-10.jpg]
[zeitgypsum.com/wp-content/uploads/2022/06/bep-hd-8.jpg]
[zeitgypsum.com/wp-content/uploads/2022/06/bep-hd-9.jpg]
[zeitgypsum.com/wp-content/uploads/2022/06/bep-hd-7.jpg]
[zeitgypsum.com/wp-content/uploads/2022/06/bep-hd-5.jpg]
[zeitgypsum.com/wp-content/uploads/2022/06/bep-hd-6.jpg]
[zeitgypsum.com/wp-content/uploads/2022/06/bep-hd-4.jpg]
[zeitgypsum.com/wp-content/uploads/2022/06/bep-hd-3.jpg]
[zeitgypsum.com/wp-content/uploads/2022/06/bep-hd-1.jpg]
[zeitgypsum.com/wp-content/uploads/2022/06/bep-hd-11.jpg]
[zeitgypsum.com/thu-vien-thach-cao/phong-bep-hien-dai/index.html]
[zeitgypsum.com/wp-json/oembed/1.0/embed05b5.json]
[zeitgypsum.com/wp-json/oembed/1.0/embed257b]
[zeitgypsum.com/wp-content/uploads/2022/06/pn-hd-7.jpg]
[zeitgypsum.com/wp-content/uploads/2022/06/pn-hd-5.jpg]
[zeitgypsum.com/wp-content/uploads/2022/06/pn-hd-6.jpg]
[zeitgypsum.com/wp-content/uploads/2022/06/pn-hd-4.png]
[zeitgypsum.com/wp-content/uploads/2022/06/pn-hd-3.jpg]
[zeitgypsum.com/wp-content/uploads/2022/06/pn-hd-2.jpg]
[zeitgypsum.com/wp-content/uploads/2022/06/pn-hd-12.jpg]
[zeitgypsum.com/wp-content/uploads/2022/06/pn-hd-1.jpg]
[zeitgypsum.com/wp-content/uploads/2022/06/pn-hd-11.jpg]
[zeitgypsum.com/wp-content/uploads/2022/06/pn-hd-10.jpg]
[zeitgypsum.com/wp-content/uploads/2022/06/pn-hd-8.jpg]
[zeitgypsum.com/wp-content/uploads/2022/06/pn-hd-9.jpg]
[zeitgypsum.com/thu-vien-thach-cao/phong-ngu-hien-dai/index.html]
[zeitgypsum.com/wp-json/oembed/1.0/embed17b3.json]
[zeitgypsum.com/wp-json/oembed/1.0/embed201c]
[zeitgypsum.com/wp-content/uploads/2022/06/pn-cd-4.jpg]
[zeitgypsum.com/wp-content/uploads/2022/06/pn-cd-5.jpg]
[zeitgypsum.com/wp-content/uploads/2022/06/pn-cd-3.jpg]
[zeitgypsum.com/wp-content/uploads/2022/06/pn-cd-2.jpg]
[zeitgypsum.com/wp-content/uploads/2022/06/pn-cd-1.jpg]
[zeitgypsum.com/wp-content/uploads/2022/06/pn-cd-10.jpg]
[zeitgypsum.com/wp-content/uploads/2022/06/pn-cd-8.jpg]
[zeitgypsum.com/wp-content/uploads/2022/06/pn-cd-9.jpg]
[zeitgypsum.com/wp-content/uploads/2022/06/pn-cd-7.jpg]
[zeitgypsum.com/wp-content/uploads/2022/06/pn-cd-6.jpg]
[zeitgypsum.com/thu-vien-thach-cao/phong-ngu-co-dien/index.html]
[zeitgypsum.com/wp-json/oembed/1.0/embeda854.json]
[zeitgypsum.com/wp-json/oembed/1.0/embedb6a9]
[zeitgypsum.com/wp-content/uploads/2022/06/te-cd-7.jpg]
[zeitgypsum.com/wp-content/uploads/2022/06/te-cd-6.jpg]
[zeitgypsum.com/wp-content/uploads/2022/06/te-cd-5.jpg]
[zeitgypsum.com/wp-content/uploads/2022/06/te-cd-4.jpg]
[zeitgypsum.com/wp-content/uploads/2022/06/te-cd-3.jpg]
[zeitgypsum.com/wp-content/uploads/2022/06/te-cd-2.jpg]
[zeitgypsum.com/wp-content/uploads/2022/06/te-cd-1.jpg]
[zeitgypsum.com/wp-content/uploads/2022/06/te-cd-11.jpg]
[zeitgypsum.com/wp-content/uploads/2022/06/te-cd-10.jpg]
[zeitgypsum.com/wp-content/uploads/2022/06/te-cd-9.jpg]
[zeitgypsum.com/thu-vien-thach-cao/phong-tre-em-co-dien/index.html]
[zeitgypsum.com/wp-content/uploads/2022/06/te-cd-8.jpg]
[zeitgypsum.com/wp-json/oembed/1.0/embede122.json]
[zeitgypsum.com/wp-json/oembed/1.0/embed5a78]
[zeitgypsum.com/wp-content/uploads/2022/06/te-hd-7.jpg]
[zeitgypsum.com/wp-content/uploads/2022/06/te-hd-6.jpg]
[zeitgypsum.com/wp-content/uploads/2022/06/te-hd-5.jpg]
[zeitgypsum.com/wp-content/uploads/2022/06/te-hd-4.jpg]
[zeitgypsum.com/wp-content/uploads/2022/06/te-hd-3.jpg]
[zeitgypsum.com/wp-content/uploads/2022/06/te-hd-2.jpg]
[zeitgypsum.com/wp-content/uploads/2022/06/te-hd-1.jpg]
[zeitgypsum.com/wp-content/uploads/2022/06/te-hd-11.jpg]
[zeitgypsum.com/wp-content/uploads/2022/06/te-hd-10.jpg]
[zeitgypsum.com/wp-content/uploads/2022/06/te-hd-9.jpg]
[zeitgypsum.com/wp-content/uploads/2022/06/te-hd-8.jpg]
[zeitgypsum.com/thu-vien-thach-cao/phong-tre-em-hien-dai/index.html]
[zeitgypsum.com/wp-json/oembed/1.0/embed541e.json]
[zeitgypsum.com/wp-json/oembed/1.0/embed2cb6]
[zeitgypsum.com/wp-content/uploads/2022/06/pt-cd-2.jpg]
[zeitgypsum.com/wp-content/uploads/2022/06/pt-cd-3.jpg]
[zeitgypsum.com/wp-content/uploads/2022/06/pt-cd-4.jpg]
[zeitgypsum.com/wp-content/uploads/2022/06/pt-cd-1.jpg]
[zeitgypsum.com/wp-content/uploads/2022/06/pt-cd-10.jpg]
[zeitgypsum.com/wp-content/uploads/2022/06/pt-cd-9.jpg]
[zeitgypsum.com/wp-content/uploads/2022/06/pt-cd-8.jpg]
[zeitgypsum.com/wp-content/uploads/2022/06/pt-cd-7.jpg]
[zeitgypsum.com/wp-content/uploads/2022/06/pt-cd-5.jpg]
[zeitgypsum.com/wp-content/uploads/2022/06/pt-cd-6.jpg]
[zeitgypsum.com/thu-vien-thach-cao/phong-tam-co-dien/index.html]
[zeitgypsum.com/wp-json/oembed/1.0/embed6154.json]
[zeitgypsum.com/wp-json/oembed/1.0/embed96a5]
[zeitgypsum.com/wp-content/uploads/2022/06/pt-hd-5.jpg]
[zeitgypsum.com/wp-content/uploads/2022/06/pt-hd-7.jpg]
[zeitgypsum.com/wp-content/uploads/2022/06/pt-hd-6.jpg]
[zeitgypsum.com/wp-content/uploads/2022/06/pt-hd-4.jpg]
[zeitgypsum.com/wp-content/uploads/2022/06/pt-hd-3.jpg]
[zeitgypsum.com/wp-content/uploads/2022/06/pt-hd-2.jpg]
[zeitgypsum.com/wp-content/uploads/2022/06/pt-hd-1.jpg]
[zeitgypsum.com/wp-content/uploads/2022/06/pt-hd-10.jpg]
[zeitgypsum.com/wp-content/uploads/2022/06/pt-hd-11.jpg]
[zeitgypsum.com/wp-content/uploads/2022/06/pt-hd-9.jpg]
[zeitgypsum.com/wp-content/uploads/2022/06/pt-hd-8.jpg]
[zeitgypsum.com/thu-vien-thach-cao/phong-tam-hien-dai/index.html]
[zeitgypsum.com/wp-json/oembed/1.0/embed1f54.json]
[zeitgypsum.com/wp-json/oembed/1.0/embedce90]
[zeitgypsum.com/wp-content/uploads/2022/06/gym-cd-9.jpg]
[zeitgypsum.com/wp-content/uploads/2022/06/gym-cd-8.png]
[zeitgypsum.com/wp-content/uploads/2022/06/gym-cd-7.jpg]
[zeitgypsum.com/wp-content/uploads/2022/06/gym-cd-6.jpg]
[zeitgypsum.com/wp-content/uploads/2022/06/gym-cd-5.jpg]
[zeitgypsum.com/wp-content/uploads/2022/06/gym-cd-3.jpg]
[zeitgypsum.com/wp-content/uploads/2022/06/gym-cd-4.jpg]
[zeitgypsum.com/wp-content/uploads/2022/06/gym-cd-2.jpg]
[zeitgypsum.com/wp-content/uploads/2022/06/gym-cd-13.jpg]
[zeitgypsum.com/wp-content/uploads/2022/06/gym-cd-1.jpg]
[zeitgypsum.com/wp-content/uploads/2022/06/gym-cd-12.jpg]
[zeitgypsum.com/wp-content/uploads/2022/06/gym-cd-11.jpg]
[zeitgypsum.com/wp-content/uploads/2022/06/gym-cd-10.jpg]
[zeitgypsum.com/thu-vien-thach-cao/phong-tap-gym-yoga-co-dien/index.html]
[zeitgypsum.com/wp-json/oembed/1.0/embed098f.json]
[zeitgypsum.com/wp-json/oembed/1.0/embed807a]
[zeitgypsum.com/wp-content/uploads/2022/06/gym-hd-6.jpg]
[zeitgypsum.com/wp-content/uploads/2022/06/gym-hd-5.png]
[zeitgypsum.com/wp-content/uploads/2022/06/gym-hd-4.jpg]
[zeitgypsum.com/wp-content/uploads/2022/06/gym-hd-3.jpg]
[zeitgypsum.com/wp-content/uploads/2022/06/gym-hd-2.jpg]
[zeitgypsum.com/wp-content/uploads/2022/06/gym-hd-1.jpg]
[zeitgypsum.com/wp-content/uploads/2022/06/gym-hd-9.jpg]
[zeitgypsum.com/wp-content/uploads/2022/06/gym-hd-10.jpg]
[zeitgypsum.com/wp-content/uploads/2022/06/gym-hd-8.jpg]
[zeitgypsum.com/wp-content/uploads/2022/06/gym-hd-7.jpg]
[zeitgypsum.com/thu-vien-thach-cao/phong-tap-gym-yoga-hien-dai/index.html]
[zeitgypsum.com/wp-json/oembed/1.0/embeda764.json]
[zeitgypsum.com/wp-json/oembed/1.0/embed2d68]
[zeitgypsum.com/wp-content/uploads/2022/06/ks-cd-4.jpg]
[zeitgypsum.com/wp-content/uploads/2022/06/ks-cd-3.jpg]
[zeitgypsum.com/wp-content/uploads/2022/06/ks-cd-2.jpg]
[zeitgypsum.com/wp-content/uploads/2022/06/ks-cd-1.jpg]
[zeitgypsum.com/wp-content/uploads/2022/06/ks-cd-7.jpg]
[zeitgypsum.com/wp-content/uploads/2022/06/ks-cd-6.jpg]
[zeitgypsum.com/wp-content/uploads/2022/06/ks-cd-5.jpg]
[zeitgypsum.com/thu-vien-thach-cao/khach-san-trung-tam-thuong-mai-co-dien/index.html]
[zeitgypsum.com/wp-json/oembed/1.0/embed7c9b.json]
[zeitgypsum.com/wp-json/oembed/1.0/embed78f0]
[zeitgypsum.com/wp-content/uploads/2022/06/ks-hd-10.jpg]
[zeitgypsum.com/wp-content/uploads/2022/06/ks-hd-9.jpg]
[zeitgypsum.com/wp-content/uploads/2022/06/ks-hd-7.jpg]
[zeitgypsum.com/wp-content/uploads/2022/06/ks-hd-8.jpg]
[zeitgypsum.com/wp-content/uploads/2022/06/ks-hd-6.jpg]
[zeitgypsum.com/wp-content/uploads/2022/06/ks-hd-5.jpg]
[zeitgypsum.com/wp-content/uploads/2022/06/ks-hd-4.jpg]
[zeitgypsum.com/wp-content/uploads/2022/06/ks-hd-3.jpg]
[zeitgypsum.com/wp-content/uploads/2022/06/ks-hd-2.jpg]
[zeitgypsum.com/wp-content/uploads/2022/06/ks-hd-1.jpg]
[zeitgypsum.com/thu-vien-thach-cao/khach-san-trung-tam-thuong-mai-hien-dai/index.html]
[zeitgypsum.com/wp-content/themes/zeit-theme-dev/tpl-download/tpl-download3781.css]
[zeitgypsum.com/index8054.html]
[zeitgypsum.com/wp-content/themes/zeit-theme-dev/tpl-kenh-phan-phoi/tpl-kenh-phan-phoi3781.css]
[zeitgypsum.com/index970c.html]
[zeitgypsum.com/kenh-phan-phoi/index8d77.html]
[zeitgypsum.com/kenh-phan-phoi/index7356.html]
[zeitgypsum.com/wp-content/themes/zeit-theme-dev/tpl-news/tpl-news3781.css]
[zeitgypsum.com/indexcbb6.html]
[zeitgypsum.com/wp-json/oembed/1.0/embed60f2.json]
[zeitgypsum.com/wp-json/oembed/1.0/embed99fb]
[zeitgypsum.com/tin-tuc/chuong-trinh-loc-dau-nam-cung-zeit-gypsum/index.html]
[zeitgypsum.com/wp-json/oembed/1.0/embedbef7.json]
[zeitgypsum.com/wp-json/oembed/1.0/embedab79]
[zeitgypsum.com/wp-content/uploads/2022/08/230216_ZEIT-GYPSUM-video_subtitle-CUT230a.mp4]
[zeitgypsum.com/wp-content/uploads/2022/08/230216_ZEIT-GYPSUM-video_subtitle-CUT.mp4]
[zeitgypsum.com/tin-tuc/zeit-gypsum-thach-cao-han-quoc-cua-rieng-ban/index.html]
[zeitgypsum.com/wp-content/themes/zeit-theme-dev/tpl-contact-us/tpl-contact-us3781.css]
[zeitgypsum.com/index5c90.html]
[zeitgypsum.com/wp-content/themes/zeit-theme-dev/images/Facebook.svg]
[zeitgypsum.com/wp-content/themes/zeit-theme-dev/images/youtube.svg]
[zeitgypsum.com/wp-content/themes/zeit-theme-dev/images/linkedin.svg]
[zeitgypsum.com/wp-content/themes/zeit-theme-dev/images/Zalo.svg]
[zeitgypsum.com/index153d.html]
[zeitgypsum.com/index40a0.html]
[zeitgypsum.com/wp-json/oembed/1.0/embed5f69.json]
[zeitgypsum.com/wp-json/oembed/1.0/embed420f]
[zeitgypsum.com/giai-dap-ky-thuat/cac-tinh-nang-dac-biet-cua-thach-cao-zeit/index.html]
[zeitgypsum.com/wp-content/themes/zeit-theme-dev/tpl-product-detail/tpl-product-detail3781.css]
[zeitgypsum.com/index820e.html]
[zeitgypsum.com/indexef92.html]
[zeitgypsum.com/index2e31.html]
[zeitgypsum.com/wp-content/themes/zeit-theme-dev/tpl-news-detail/tpl-news-detail3781.css]
[zeitgypsum.com/index5b45.html]
[zeitgypsum.com/wp-includes/js/mediaelement/mejs-controls.svg]
[zeitgypsum.com/wp-includes/js/mediaelement/mediaelementplayer-legacy.min1f61.css]
[zeitgypsum.com/wp-includes/js/mediaelement/wp-mediaelement.min3781.css]
[zeitgypsum.com/indexb4c3.html]
[zeitgypsum.com/indexbe4b.html]
[zeitgypsum.com/en/news/chuong-trinh-loc-dau-nam-cung-zeit-gypsum-2/index.html]
[zeitgypsum.com/index8a20.html]
[zeitgypsum.com/index460d.html]
[zeitgypsum.com/wp-json/oembed/1.0/embed7b24.json]
[zeitgypsum.com/wp-json/oembed/1.0/embed5314]
[zeitgypsum.com/wp-content/uploads/2022/06/z3496713360701_04c888fc57acee3093b81d02051f2a63.jpg]
[zeitgypsum.com/wp-content/uploads/2022/06/rsz_nhan_biet.jpg]
[zeitgypsum.com/wp-content/uploads/2022/06/z3496713343405_b3b9b427354b3e76d6c202a3db7cb129.jpg]
[zeitgypsum.com/nhan-dien-thach-cao/nhan-biet-tam-thach-cao-tieu-chuan-zeit/index.html]
[zeitgypsum.com/wp-json/oembed/1.0/embed2974.json]
[zeitgypsum.com/wp-json/oembed/1.0/embedf112]
[zeitgypsum.com/wp-content/uploads/2022/06/z3496713327964_6cf2a6f5dba315ddb25c98e8d7d51754.jpg]
[zeitgypsum.com/wp-content/uploads/2022/06/z3496713327975_3439c3381bbeb38653e316ede71e2ff9.jpg]
[zeitgypsum.com/nhan-dien-thach-cao/nhan-biet-tam-thach-cao-chong-am-zeit/index.html]
[zeitgypsum.com/wp-json/oembed/1.0/embed9ffd.json]
[zeitgypsum.com/wp-json/oembed/1.0/embed0150]
[zeitgypsum.com/wp-content/uploads/2022/06/z3496713327974_58c55329024819414056f8033b3f33a6.jpg]
[zeitgypsum.com/wp-content/uploads/2022/06/z3496713334064_299c06df79afc2a9bf4282a8f9e25f0b.jpg]
[zeitgypsum.com/nhan-dien-thach-cao/nhan-biet-tam-thach-cao-chong-chay-zeit/index.html]
[zeitgypsum.com/wp-content/themes/zeit-theme-dev/tpl-about-us-2/tpl-about-us-23781.css]
[zeitgypsum.com/indexba52.html]
[zeitgypsum.com/en/index7e39.html]
[zeitgypsum.com/en/index2531.html]
[zeitgypsum.com/en/indexdd7c.html]
[zeitgypsum.com/en/products-solutions/products/indexa31b.html]
[zeitgypsum.com/en/index9fe1.html]
[zeitgypsum.com/en/wp-json/oembed/1.0/embedd403.json]
[zeitgypsum.com/en/wp-json/oembed/1.0/embed27e3]
[zeitgypsum.com/en/warranty-policy/one-for-one-replacement-in-10-years/index.html]
[zeitgypsum.com/en/wp-json/oembed/1.0/embed336b.json]
[zeitgypsum.com/en/wp-json/oembed/1.0/embedd11f]
[zeitgypsum.com/en/thu-vien-thach-cao/living-room-classic/index.html]
[zeitgypsum.com/en/wp-json/oembed/1.0/embed6930.json]
[zeitgypsum.com/en/wp-json/oembed/1.0/embed4a4c]
[zeitgypsum.com/en/thu-vien-thach-cao/coffee-restaurant-classic/index.html]
[zeitgypsum.com/wp-content/uploads/2022/06/coffee-classical-14.jpg]
[zeitgypsum.com/en/wp-json/oembed/1.0/embedee4b.json]
[zeitgypsum.com/en/wp-json/oembed/1.0/embedad63]
[zeitgypsum.com/en/thu-vien-thach-cao/living-room-modern-style/index.html]
[zeitgypsum.com/en/index16d5.html]
[zeitgypsum.com/en/indexf8c8.html]
[zeitgypsum.com/en/index049d.html]
[zeitgypsum.com/en/wp-json/oembed/1.0/embedbaf6.json]
[zeitgypsum.com/en/wp-json/oembed/1.0/embedfdcf]
[zeitgypsum.com/en/thu-vien-thach-cao/coffee-restaurant-modern-style/index.html]
[zeitgypsum.com/en/wp-json/oembed/1.0/embedb3f9.json]
[zeitgypsum.com/en/wp-json/oembed/1.0/embeddff6]
[zeitgypsum.com/en/thu-vien-thach-cao/office-modern-style/index.html]
[zeitgypsum.com/en/wp-json/oembed/1.0/embed53ed.json]
[zeitgypsum.com/en/wp-json/oembed/1.0/embedcc52]
[zeitgypsum.com/en/thu-vien-thach-cao/kitchen-classic-style/index.html]
[zeitgypsum.com/en/wp-json/oembed/1.0/embedce56.json]
[zeitgypsum.com/en/wp-json/oembed/1.0/embed2402]
[zeitgypsum.com/en/thu-vien-thach-cao/kitchen-modern-style/index.html]
[zeitgypsum.com/en/wp-json/oembed/1.0/embedd09b.json]
[zeitgypsum.com/en/wp-json/oembed/1.0/embedb8ce]
[zeitgypsum.com/en/thu-vien-thach-cao/bedroom-modern-style/index.html]
[zeitgypsum.com/en/wp-json/oembed/1.0/embed331c.json]
[zeitgypsum.com/en/wp-json/oembed/1.0/embed3a3f]
[zeitgypsum.com/en/thu-vien-thach-cao/bedroom-classical-style/index.html]
[zeitgypsum.com/en/wp-json/oembed/1.0/embed8f79.json]
[zeitgypsum.com/en/wp-json/oembed/1.0/embed27e9]
[zeitgypsum.com/en/thu-vien-thach-cao/children-room-classical-style/index.html]
[zeitgypsum.com/en/wp-json/oembed/1.0/embedad0f.json]
[zeitgypsum.com/en/wp-json/oembed/1.0/embed9bb3]
[zeitgypsum.com/en/thu-vien-thach-cao/children-room-modern-style/index.html]
[zeitgypsum.com/en/wp-json/oembed/1.0/embed14d5.json]
[zeitgypsum.com/en/wp-json/oembed/1.0/embed0693]
[zeitgypsum.com/en/thu-vien-thach-cao/bathroom-classical-style/index.html]
[zeitgypsum.com/en/wp-json/oembed/1.0/embed9d3f.json]
[zeitgypsum.com/en/wp-json/oembed/1.0/embed0fe8]
[zeitgypsum.com/en/thu-vien-thach-cao/bathroom-modern-style/index.html]
[zeitgypsum.com/en/wp-json/oembed/1.0/embede68d.json]
[zeitgypsum.com/en/wp-json/oembed/1.0/embed8b33]
[zeitgypsum.com/en/thu-vien-thach-cao/gym-yoga-room-classical-style/index.html]
[zeitgypsum.com/en/wp-json/oembed/1.0/embedc2bf.json]
[zeitgypsum.com/en/wp-json/oembed/1.0/embed2f5f]
[zeitgypsum.com/en/thu-vien-thach-cao/gym-yoga-modern-style/index.html]
[zeitgypsum.com/en/wp-json/oembed/1.0/embed8c39.json]
[zeitgypsum.com/en/wp-json/oembed/1.0/embed7c36]
[zeitgypsum.com/en/thu-vien-thach-cao/hotel-mall-classical-style/index.html]
[zeitgypsum.com/en/wp-json/oembed/1.0/embed77e0.json]
[zeitgypsum.com/en/wp-json/oembed/1.0/embed047b]
[zeitgypsum.com/en/thu-vien-thach-cao/hotel-mall-classical-style-2/index.html]
[zeitgypsum.com/en/index1834.html]
[zeitgypsum.com/en/tai-lieu/form-chinh-sach-bao-hanh/index.html]
[zeitgypsum.com/en/index6374.html]
[zeitgypsum.com/en/index664b.html]
[zeitgypsum.com/en/kenh-phan-phoi/index8d77.html]
[zeitgypsum.com/en/kenh-phan-phoi/index7356.html]
[zeitgypsum.com/en/index8da8.html]
[zeitgypsum.com/en/wp-json/oembed/1.0/embedf55d.json]
[zeitgypsum.com/en/news/chuong-trinh-loc-dau-nam-cung-zeit-gypsum/index.html]
[zeitgypsum.com/en/wp-json/oembed/1.0/embed4e5d]
[zeitgypsum.com/en/wp-json/oembed/1.0/embed0732.json]
[zeitgypsum.com/en/news/zeit-gypsum-tailored-for-you/index.html]
[zeitgypsum.com/en/indexe0d2.html]
[zeitgypsum.com/en/indexca89.html]
[zeitgypsum.com/en/wp-json/oembed/1.0/embed08e9]
[zeitgypsum.com/en/wp-json/oembed/1.0/embed71a1.json]
[zeitgypsum.com/en/wp-json/oembed/1.0/embed474b]
[zeitgypsum.com/en/technial-answers/unique-features-of-zeit-gypsums-plasterboards/index.html]
[zeitgypsum.com/en/indexc56d.html]
[zeitgypsum.com/en/index3ba5.html]
[zeitgypsum.com/en/indexd0ff.html]
[zeitgypsum.com/en/index68cd.html]
[zeitgypsum.com/en/index23e2.html]
[zeitgypsum.com/en/indexa81b.html]
[zeitgypsum.com/en/indexe6f0.html]
[zeitgypsum.com/en/index8a20.html]
[zeitgypsum.com/en/index3c3e.html]
[zeitgypsum.com/en/wp-json/oembed/1.0/embed225c.json]
[zeitgypsum.com/en/wp-json/oembed/1.0/embed5704]
[zeitgypsum.com/wp-content/uploads/2022/06/z3496713327960_40d0465bcda52181a119f868e8b9f7ed.jpg]
[zeitgypsum.com/wp-content/uploads/2022/06/z3496713334071_5fd564c6faac46bcddbdb2ca701a50e1.jpg]
[zeitgypsum.com/en/zeit-gypsum-identification/zeit-standard-branding-features/index.html]
[zeitgypsum.com/en/wp-json/oembed/1.0/embeda310.json]
[zeitgypsum.com/en/wp-json/oembed/1.0/embed10e1]
[zeitgypsum.com/wp-content/uploads/2022/06/z3496713327973_42a13f6d11f75a16105203dbca7f80d2.jpg]
[zeitgypsum.com/wp-content/uploads/2022/06/z3496713327977_18187dda2da6734e7b9801f3cae5fdc8.jpg]
[zeitgypsum.com/en/zeit-gypsum-identification/zeit-moist-proof-branding-features/index.html]
[zeitgypsum.com/en/wp-json/oembed/1.0/embed637e.json]
[zeitgypsum.com/en/wp-json/oembed/1.0/embedfc1f]
[zeitgypsum.com/wp-content/uploads/2022/06/z3496713313522_2bd8a0ec51fdb70eedabfb70aa578f9d.jpg]
[zeitgypsum.com/wp-content/uploads/2022/06/z3496713318846_e47ab40c14277da23444cdf232287320.jpg]
[zeitgypsum.com/en/zeit-gypsum-identification/zeit-fire-proof-branding-features/index.html]
[zeitgypsum.com/en/index12e9.html]
[zeitgypsum.com/wp-content/themes/zeit-theme-dev/images/quote.svg]
[zeitgypsum.com/en/san-pham-va-giai-phap/san-pham/index.html]
[zeitgypsum.com/wp-content/themes/zeit-theme-dev/tpl-document-detail/tpl-document-detail3781.css]
[zeitgypsum.com/index6205.html]
[zeitgypsum.com/wp-content/themes/zeit-theme-dev/img/patterns/oblique_dots.png]
[zeitgypsum.com/wp-content/themes/zeit-theme-dev/img/patterns/pattern-1.png]
[zeitgypsum.com/wp-content/themes/zeit-theme-dev/img/patterns/pattern-dot-1.png]
[zeitgypsum.com/wp-content/themes/zeit-theme-dev/img/patterns/pattern-dot-2.png]
[zeitgypsum.com/wp-content/themes/zeit-theme-dev/img/patterns/pattern-dot-b1.png]
[zeitgypsum.com/wp-content/themes/zeit-theme-dev/img/patterns/pattern-dot-b2.png]
[zeitgypsum.com/wp-content/themes/zeit-theme-dev/img/patterns/pattern-dot-b3.png]
[zeitgypsum.com/wp-content/themes/zeit-theme-dev/img/patterns/pattern-dot-b4.png]
[zeitgypsum.com/wp-content/themes/zeit-theme-dev/img/patterns/pattern-triangle-05.png]
[zeitgypsum.com/wp-content/themes/zeit-theme-dev/img/patterns/pattern-triangle-10.png]
[zeitgypsum.com/wp-content/themes/zeit-theme-dev/img/patterns/pattern-triangle-20.png]
[zeitgypsum.com/wp-content/themes/zeit-theme-dev/img/patterns/pattern-triangle-30.png]
[zeitgypsum.com/wp-content/themes/zeit-theme-dev/img/patterns/pattern-triangle-40.png]
[zeitgypsum.com/wp-content/themes/zeit-theme-dev/img/patterns/pattern-ver-line-10.png]
[zeitgypsum.com/wp-content/themes/zeit-theme-dev/img/patterns/pattern-ver-line-20.png]
[zeitgypsum.com/wp-content/themes/zeit-theme-dev/img/patterns/pattern-ver-line-30.png]
[zeitgypsum.com/wp-content/themes/zeit-theme-dev/img/patterns/pattern-ver-line-40.png]
[zeitgypsum.com/wp-content/themes/zeit-theme-dev/img/patterns/pattern-ver-line-50.png]
[zeitgypsum.com/wp-content/themes/zeit-theme-dev/tpl-single-thu-vien-thach-cao/tpl-single-thu-vien-thach-cao3781.css]
[zeitgypsum.com/index601c.html]
[zeitgypsum.com/index76f0.html]
[zeitgypsum.com/index481e.html]
[zeitgypsum.com/en/wp-json/wp/v2/pages/1145.json]
[zeitgypsum.com/en/wp-json/oembed/1.0/embedfec1.json]
[zeitgypsum.com/en/wp-json/oembed/1.0/embed76d9]
[zeitgypsum.com/en/resources/warranty-policy-form/index.html]
[zeitgypsum.com/wp-content/themes/zeit-theme-dev/tpl-documents-form/tpl-documents-form3781.css]
[zeitgypsum.com/indexe83f.html]
[zeitgypsum.com/index7aa0.html]
[zeitgypsum.com/indexead8.html]
[zeitgypsum.com/index5a7f.html]
[zeitgypsum.com/index7eba.html]
[zeitgypsum.com/index65c1.html]
[zeitgypsum.com/indexb6d0.html]
[zeitgypsum.com/index3388.html]
[zeitgypsum.com/index039f.html]
[zeitgypsum.com/index8d1b.html]
[zeitgypsum.com/indexbd7b.html]
[zeitgypsum.com/index87d0.html]
[zeitgypsum.com/indexb703.html]
[zeitgypsum.com/indexf0fa.html]
[zeitgypsum.com/index8285.html]
[zeitgypsum.com/indexf883.html]
[zeitgypsum.com/indexc257.html]
[zeitgypsum.com/index1b7d.html]
[zeitgypsum.com/wp-includes/js/mediaelement/mejs-controls.svg]
[zeitgypsum.com/index975e.html]
[zeitgypsum.com/index12e9.html]
[zeitgypsum.com/index0d49.html]
[zeitgypsum.com/products-solutions/products/index.html]
[zeitgypsum.com/en/index9011.html]
[zeitgypsum.com/en/index90f2.html]
[zeitgypsum.com/en/index5628.html]
[zeitgypsum.com/en/indexcd8b.html]
[zeitgypsum.com/en/index26d0.html]
[zeitgypsum.com/en/index724e.html]
[zeitgypsum.com/en/index73f1.html]
[zeitgypsum.com/en/indexe11a.html]
[zeitgypsum.com/en/index69b9.html]
[zeitgypsum.com/en/index1a9a.html]
[zeitgypsum.com/en/index60da.html]
[zeitgypsum.com/en/index7221.html]
[zeitgypsum.com/en/indexce54.html]
[zeitgypsum.com/en/indexc573.html]
[zeitgypsum.com/en/index325f.html]
[zeitgypsum.com/en/index0d40.html]
[zeitgypsum.com/en/indexbab4.html]
[zeitgypsum.com/en/indexc504.html]
[zeitgypsum.com/en/index17b6.html]
[zeitgypsum.com/en/index3227.html]
[zeitgypsum.com/en/index44fe.html]
[zeitgypsum.com/en/index9e83.html]
[zeitgypsum.com/en/index11bd.html]
[zeitgypsum.com/en/indexdc83.html]
[zeitgypsum.com/wp-content/themes/zeit-theme-dev/img/patterns/oblique_dots.html]
[zeitgypsum.com/wp-content/themes/zeit-theme-dev/img/patterns/pattern-1.html]
[zeitgypsum.com/wp-content/themes/zeit-theme-dev/img/patterns/pattern-dot-1.html]
[zeitgypsum.com/wp-content/themes/zeit-theme-dev/img/patterns/pattern-dot-2.html]
[zeitgypsum.com/wp-content/themes/zeit-theme-dev/img/patterns/pattern-dot-b1.html]
[zeitgypsum.com/wp-content/themes/zeit-theme-dev/img/patterns/pattern-dot-b2.html]
[zeitgypsum.com/wp-content/themes/zeit-theme-dev/img/patterns/pattern-dot-b3.html]
[zeitgypsum.com/wp-content/themes/zeit-theme-dev/img/patterns/pattern-dot-b4.html]
[zeitgypsum.com/wp-content/themes/zeit-theme-dev/img/patterns/pattern-triangle-05.html]
[zeitgypsum.com/wp-content/themes/zeit-theme-dev/img/patterns/pattern-triangle-10.html]
[zeitgypsum.com/wp-content/themes/zeit-theme-dev/img/patterns/pattern-triangle-20.html]
[zeitgypsum.com/wp-content/themes/zeit-theme-dev/img/patterns/pattern-triangle-30.html]
[zeitgypsum.com/wp-content/themes/zeit-theme-dev/img/patterns/pattern-triangle-40.html]
[zeitgypsum.com/wp-content/themes/zeit-theme-dev/img/patterns/pattern-ver-line-10.html]
[zeitgypsum.com/wp-content/themes/zeit-theme-dev/img/patterns/pattern-ver-line-20.html]
[zeitgypsum.com/wp-content/themes/zeit-theme-dev/img/patterns/pattern-ver-line-30.html]
[zeitgypsum.com/wp-content/themes/zeit-theme-dev/img/patterns/pattern-ver-line-40.html]
[zeitgypsum.com/wp-content/themes/zeit-theme-dev/img/patterns/pattern-ver-line-50.html]
[zeitgypsum.com/en/indexfdfc.html]
